// Jest Snapshot v1, https://goo.gl/fbAQLP

exports[`renders ParticipantTile Snapshot 1`] = `
.emotion-0 {
  display: -webkit-box;
  display: -webkit-flex;
  display: -ms-flexbox;
  display: flex;
  -webkit-align-items: center;
  -webkit-box-align: center;
  -ms-flex-align: center;
  align-items: center;
  width: 100%;
  height: 120px;
  padding: 0 40px;
  border-bottom: 1px solid #e1e3e5;
}

<div
  className="emotion-0"
>
  Jane Doe
</div>
`;
