// Jest Snapshot v1, https://goo.gl/fbAQLP

exports[`renders Participants Snapshot 1`] = `
.emotion-3 {
  width: 100%;
  height: calc(100vh - 240px);
  display: -webkit-box;
  display: -webkit-flex;
  display: -ms-flexbox;
  display: flex;
  -webkit-flex-direction: column;
  -ms-flex-direction: column;
  flex-direction: column;
}

.emotion-2 {
  height: 100%;
  padding: 0 30px;
  overflow: auto;
  -webkit-box-flex: 1;
  -webkit-flex-grow: 1;
  -ms-flex-positive: 1;
  flex-grow: 1;
}

.emotion-0 {
  display: -webkit-box;
  display: -webkit-flex;
  display: -ms-flexbox;
  display: flex;
  -webkit-align-items: center;
  -webkit-box-align: center;
  -ms-flex-align: center;
  align-items: center;
  width: 100%;
  height: 120px;
  padding-left: 12px;
  border-bottom: 1px solid #e1e3e5;
  text-transform: capitalize;
}

<section
  className="emotion-3"
>
  <div
    className="emotion-2"
  >
    <div
      className="emotion-0"
    >
      <p>
        Jane Downey
      </p>
    </div>
    <div
      className="emotion-0"
    >
      <p>
        michel sagan
      </p>
    </div>
  </div>
</section>
`;
