// Jest Snapshot v1, https://goo.gl/fbAQLP

exports[`renders ChatMessage Snapshot 1`] = `
.emotion-4 {
  position: relative;
  padding-left: 17px;
  padding-bottom: 17px;
}

.emotion-4:first-of-type {
  margin-top: 25px;
}

.emotion-4:hover button {
  display: inline-block;
}

.emotion-2 {
  display: -webkit-box;
  display: -webkit-flex;
  display: -ms-flexbox;
  display: flex;
  -webkit-align-items: center;
  -webkit-box-align: center;
  -ms-flex-align: center;
  align-items: center;
  margin: 11px 0 5px;
}

.emotion-0 {
  font-weight: bold;
  text-transform: capitalize;
  -webkit-letter-spacing: 1.5px;
  -moz-letter-spacing: 1.5px;
  -ms-letter-spacing: 1.5px;
  letter-spacing: 1.5px;
  margin-right: 15px;
}

.emotion-1 {
  color: #979c9f;
}

.emotion-3 {
  -webkit-letter-spacing: 1.4px;
  -moz-letter-spacing: 1.4px;
  -ms-letter-spacing: 1.4px;
  letter-spacing: 1.4px;
  line-height: 1.6;
}

<div
  className="emotion-4"
>
  <div
    className="emotion-2"
  >
    <p
      className="emotion-0"
    >
      Jane Downey
    </p>
     
    <span
      className="emotion-1"
    >
      12:58:24 
    </span>
  </div>
  <p
    className="emotion-3"
    type="msgevent"
  >
    After losing his wife seven years earlier, the eccentric Dr. John Dolittle, famed doctor and veterinarian of Queen Victoriaâ€™s England, hermits himself away behind the high walls of Dolittle Manor with only his menagerie of exotic animals for company.
  </p>
</div>
`;
